Grid search started: 2026-05-27 13:34:13
Dataset : mobile_sms
Device  : cuda
Train   : /content/drive/MyDrive/NLP-project/scr/data/mobile_transformers/train_sms.txt
Val     : /content/drive/MyDrive/NLP-project/scr/data/mobile_transformers/validate_sms.txt
Eval    : /content/drive/MyDrive/NLP-project/scr/data/mobile_transformers/validate_sms.txt
Max iter: 10000
Max validation-loss batches: all
Archs   : ['small', 'default']
Strides : [8, 32]
Eval on : 20 validation/eval sentences per run

Loaded 20 validation/eval sentences for grid-search evaluation.

====================================================================
  arch=small     stride=  8  |  2 blocks, 2 heads, dim=128  |  1,696,904 params
====================================================================
13:34:14 Training  (max 10000 iters, stride=8)
13:34:15 iter    100: loss=7.2435  val_loss=6.7707  [best]
13:34:15 iter    200: loss=6.6436  val_loss=6.5284  [best]
13:34:16 iter    300: loss=6.4759  val_loss=6.3885  [best]
13:34:16 iter    400: loss=6.3491  val_loss=6.2783  [best]
13:34:16 iter    500: loss=6.2464  val_loss=6.1817  [best]
13:34:17 iter    600: loss=6.1678  val_loss=6.0991  [best]
13:34:17 iter    700: loss=6.0905  val_loss=6.0369  [best]
13:34:18 iter    800: loss=6.0270  val_loss=5.9788  [best]
13:34:18 iter    900: loss=5.9780  val_loss=5.9346  [best]
13:34:18 iter   1000: loss=5.9473  val_loss=5.8984  [best]
13:34:19 iter   1100: loss=5.8992  val_loss=5.8589  [best]
13:34:19 iter   1200: loss=5.8850  val_loss=5.8292  [best]
13:34:20 iter   1300: loss=5.8365  val_loss=5.7960  [best]
13:34:20 iter   1400: loss=5.8130  val_loss=5.7694  [best]
13:34:20 iter   1500: loss=5.7759  val_loss=5.7438  [best]
13:34:21 iter   1600: loss=5.7543  val_loss=5.7182  [best]
13:34:21 iter   1700: loss=5.7467  val_loss=5.6989  [best]
13:34:21 iter   1800: loss=5.7154  val_loss=5.6770  [best]
13:34:22 iter   1900: loss=5.6850  val_loss=5.6634  [best]
13:34:22 iter   2000: loss=5.6907  val_loss=5.6395  [best]
13:34:23 iter   2100: loss=5.6696  val_loss=5.6242  [best]
13:34:23 iter   2200: loss=5.6606  val_loss=5.6089  [best]
13:34:23 iter   2300: loss=5.6290  val_loss=5.5942  [best]
13:34:24 iter   2400: loss=5.6131  val_loss=5.5780  [best]
13:34:24 iter   2500: loss=5.5889  val_loss=5.5648  [best]
13:34:25 iter   2600: loss=5.5643  val_loss=5.5485  [best]
13:34:25 iter   2700: loss=5.5533  val_loss=5.5380  [best]
13:34:25 iter   2800: loss=5.5614  val_loss=5.5243  [best]
13:34:26 iter   2900: loss=5.5570  val_loss=5.5136  [best]
13:34:26 iter   3000: loss=5.5439  val_loss=5.5000  [best]
13:34:27 iter   3100: loss=5.5308  val_loss=5.4939  [best]
13:34:27 iter   3200: loss=5.5134  val_loss=5.4816  [best]
13:34:27 iter   3300: loss=5.4843  val_loss=5.4741  [best]
13:34:28 iter   3400: loss=5.4956  val_loss=5.4630  [best]
13:34:28 iter   3500: loss=5.4865  val_loss=5.4543  [best]
13:34:28 iter   3600: loss=5.4818  val_loss=5.4449  [best]
13:34:29 iter   3700: loss=5.4782  val_loss=5.4394  [best]
13:34:29 iter   3800: loss=5.4577  val_loss=5.4255  [best]
13:34:30 iter   3900: loss=5.4495  val_loss=5.4217  [best]
13:34:30 iter   4000: loss=5.4363  val_loss=5.4099  [best]
13:34:30 iter   4100: loss=5.4257  val_loss=5.4076  [best]
13:34:31 iter   4200: loss=5.4350  val_loss=5.3973  [best]
13:34:31 iter   4300: loss=5.4087  val_loss=5.3886  [best]
13:34:31 iter   4400: loss=5.4204  val_loss=5.3843  [best]
13:34:32 iter   4500: loss=5.4065  val_loss=5.3813  [best]
13:34:32 iter   4600: loss=5.3879  val_loss=5.3722  [best]
13:34:33 iter   4700: loss=5.3947  val_loss=5.3648  [best]
13:34:33 iter   4800: loss=5.3935  val_loss=5.3553  [best]
13:34:33 iter   4900: loss=5.3768  val_loss=5.3479  [best]
13:34:34 iter   5000: loss=5.3581  val_loss=5.3411  [best]
13:34:35 iter   5100: loss=5.3653  val_loss=5.3360  [best]
13:34:35 iter   5200: loss=5.3611  val_loss=5.3297  [best]
13:34:35 iter   5300: loss=5.3459  val_loss=5.3225  [best]
13:34:36 iter   5400: loss=5.3498  val_loss=5.3183  [best]
13:34:36 iter   5500: loss=5.3246  val_loss=5.3085  [best]
13:34:36 iter   5600: loss=5.3415  val_loss=5.3022  [best]
13:34:37 iter   5700: loss=5.3278  val_loss=5.2996  [best]
13:34:37 iter   5800: loss=5.3246  val_loss=5.2955  [best]
13:34:38 iter   5900: loss=5.3282  val_loss=5.2904  [best]
13:34:38 iter   6000: loss=5.3143  val_loss=5.2831  [best]
13:34:38 iter   6100: loss=5.3130  val_loss=5.2771  [best]
13:34:39 iter   6200: loss=5.3093  val_loss=5.2738  [best]
13:34:40 iter   6300: loss=5.3051  val_loss=5.2704  [best]
13:34:40 iter   6400: loss=5.2906  val_loss=5.2574  [best]
13:34:40 iter   6500: loss=5.2871  val_loss=5.2544  [best]
13:34:41 iter   6600: loss=5.2806  val_loss=5.2498  [best]
13:34:41 iter   6700: loss=5.2749  val_loss=5.2461  [best]
13:34:42 iter   6800: loss=5.2661  val_loss=5.2428  [best]
13:34:42 iter   6900: loss=5.2665  val_loss=5.2380  [best]
13:34:42 iter   7000: loss=5.2692  val_loss=5.2339  [best]
13:34:43 iter   7100: loss=5.2613  val_loss=5.2257  [best]
13:34:43 iter   7200: loss=5.2479  val_loss=5.2198  [best]
13:34:44 iter   7300: loss=5.2692  val_loss=5.2158  [best]
13:34:44 iter   7400: loss=5.2474  val_loss=5.2115  [best]
13:34:45 iter   7500: loss=5.2332  val_loss=5.2112  [best]
13:34:45 iter   7600: loss=5.2480  val_loss=5.2027  [best]
13:34:45 iter   7700: loss=5.2225  val_loss=5.1984  [best]
13:34:46 iter   7800: loss=5.2182  val_loss=5.1956  [best]
13:34:46 iter   7900: loss=5.2213  val_loss=5.1922  [best]
13:34:47 iter   8000: loss=5.2141  val_loss=5.1879  [best]
13:34:47 iter   8100: loss=5.2048  val_loss=5.1800  [best]
13:34:47 iter   8200: loss=5.2212  val_loss=5.1774  [best]
13:34:48 iter   8300: loss=5.2112  val_loss=5.1746  [best]
13:34:48 iter   8400: loss=5.2085  val_loss=5.1719  [best]
13:34:49 iter   8500: loss=5.1987  val_loss=5.1668  [best]
13:34:49 iter   8600: loss=5.2039  val_loss=5.1635  [best]
13:34:50 iter   8700: loss=5.1955  val_loss=5.1593  [best]
13:34:50 iter   8800: loss=5.1944  val_loss=5.1559  [best]
13:34:50 iter   8900: loss=5.1949  val_loss=5.1531  [best]
13:34:51 iter   9000: loss=5.1842  val_loss=5.1480  [best]
13:34:51 iter   9100: loss=5.1860  val_loss=5.1479  [best]
13:34:51 iter   9200: loss=5.1764  val_loss=5.1432  [best]
13:34:52 iter   9300: loss=5.1686  val_loss=5.1419  [best]
13:34:52 iter   9400: loss=5.1647  val_loss=5.1338  [best]
13:34:53 iter   9500: loss=5.1637  val_loss=5.1343
13:34:53 iter   9600: loss=5.1594  val_loss=5.1325  [best]
13:34:54 iter   9700: loss=5.1630  val_loss=5.1263  [best]
13:34:54 iter   9800: loss=5.1634  val_loss=5.1219  [best]
13:34:55 iter   9900: loss=5.1299  val_loss=5.1184  [best]
13:34:55 iter  10000: loss=5.1371  val_loss=5.1159  [best]
13:34:55 Running evaluation on 20 sentences...
  val_loss=5.1159  top1_acc=0.8856  saved_ratio=0.3811

====================================================================
  arch=small     stride= 32  |  2 blocks, 2 heads, dim=128  |  1,696,904 params
====================================================================
13:58:59 Training  (max 10000 iters, stride=32)
13:59:00 iter    100: loss=7.2705  val_loss=6.7773  [best]
13:59:00 iter    200: loss=6.6741  val_loss=6.5511  [best]
13:59:01 iter    300: loss=6.4891  val_loss=6.4109  [best]
13:59:01 iter    400: loss=6.3852  val_loss=6.3028  [best]
13:59:02 iter    500: loss=6.2879  val_loss=6.2111  [best]
13:59:02 iter    600: loss=6.1936  val_loss=6.1248  [best]
13:59:03 iter    700: loss=6.1166  val_loss=6.0532  [best]
13:59:03 iter    800: loss=6.0459  val_loss=5.9940  [best]
13:59:04 iter    900: loss=5.9940  val_loss=5.9465  [best]
13:59:04 iter   1000: loss=5.9451  val_loss=5.9052  [best]
13:59:04 iter   1100: loss=5.9256  val_loss=5.8632  [best]
13:59:05 iter   1200: loss=5.8820  val_loss=5.8313  [best]
13:59:06 iter   1300: loss=5.8407  val_loss=5.8057  [best]
13:59:06 iter   1400: loss=5.8205  val_loss=5.7754  [best]
13:59:07 iter   1500: loss=5.7909  val_loss=5.7514  [best]
13:59:07 iter   1600: loss=5.7526  val_loss=5.7264  [best]
13:59:07 iter   1700: loss=5.7365  val_loss=5.7048  [best]
13:59:08 iter   1800: loss=5.7137  val_loss=5.6840  [best]
13:59:08 iter   1900: loss=5.7004  val_loss=5.6643  [best]
13:59:09 iter   2000: loss=5.6854  val_loss=5.6463  [best]
13:59:09 iter   2100: loss=5.6604  val_loss=5.6285  [best]
13:59:10 iter   2200: loss=5.6590  val_loss=5.6111  [best]
13:59:10 iter   2300: loss=5.6163  val_loss=5.5947  [best]
13:59:11 iter   2400: loss=5.6091  val_loss=5.5820  [best]
13:59:11 iter   2500: loss=5.5947  val_loss=5.5673  [best]
13:59:12 iter   2600: loss=5.5853  val_loss=5.5523  [best]
13:59:12 iter   2700: loss=5.5587  val_loss=5.5420  [best]
13:59:12 iter   2800: loss=5.5437  val_loss=5.5287  [best]
13:59:13 iter   2900: loss=5.5363  val_loss=5.5197  [best]
13:59:13 iter   3000: loss=5.5360  val_loss=5.5014  [best]
13:59:14 iter   3100: loss=5.5048  val_loss=5.4939  [best]
13:59:14 iter   3200: loss=5.5117  val_loss=5.4814  [best]
13:59:15 iter   3300: loss=5.4953  val_loss=5.4698  [best]
13:59:16 iter   3400: loss=5.5022  val_loss=5.4669  [best]
13:59:16 iter   3500: loss=5.4831  val_loss=5.4534  [best]
13:59:16 iter   3600: loss=5.4706  val_loss=5.4438  [best]
13:59:17 iter   3700: loss=5.4638  val_loss=5.4353  [best]
13:59:17 iter   3800: loss=5.4507  val_loss=5.4256  [best]
13:59:18 iter   3900: loss=5.4446  val_loss=5.4167  [best]
13:59:18 iter   4000: loss=5.4415  val_loss=5.4060  [best]
13:59:18 iter   4100: loss=5.4182  val_loss=5.3990  [best]
13:59:19 iter   4200: loss=5.4214  val_loss=5.3921  [best]
13:59:19 iter   4300: loss=5.4200  val_loss=5.3830  [best]
13:59:20 iter   4400: loss=5.4099  val_loss=5.3752  [best]
13:59:20 iter   4500: loss=5.3978  val_loss=5.3700  [best]
13:59:21 iter   4600: loss=5.3917  val_loss=5.3649  [best]
13:59:21 iter   4700: loss=5.4003  val_loss=5.3547  [best]
13:59:21 iter   4800: loss=5.3808  val_loss=5.3485  [best]
13:59:22 iter   4900: loss=5.3712  val_loss=5.3435  [best]
13:59:22 iter   5000: loss=5.3618  val_loss=5.3322  [best]
13:59:23 iter   5100: loss=5.3719  val_loss=5.3267  [best]
13:59:23 iter   5200: loss=5.3499  val_loss=5.3221  [best]
13:59:23 iter   5300: loss=5.3400  val_loss=5.3163  [best]
13:59:24 iter   5400: loss=5.3273  val_loss=5.3097  [best]
13:59:24 iter   5500: loss=5.3344  val_loss=5.3050  [best]
13:59:25 iter   5600: loss=5.3380  val_loss=5.2971  [best]
13:59:26 iter   5700: loss=5.3011  val_loss=5.2880  [best]
13:59:26 iter   5800: loss=5.3200  val_loss=5.2835  [best]
13:59:26 iter   5900: loss=5.3115  val_loss=5.2786  [best]
13:59:27 iter   6000: loss=5.2910  val_loss=5.2743  [best]
13:59:27 iter   6100: loss=5.2887  val_loss=5.2681  [best]
13:59:28 iter   6200: loss=5.2925  val_loss=5.2665  [best]
13:59:28 iter   6300: loss=5.2859  val_loss=5.2572  [best]
13:59:29 iter   6400: loss=5.2794  val_loss=5.2521  [best]
13:59:29 iter   6500: loss=5.2782  val_loss=5.2467  [best]
13:59:29 iter   6600: loss=5.2738  val_loss=5.2411  [best]
13:59:30 iter   6700: loss=5.2782  val_loss=5.2347  [best]
13:59:30 iter   6800: loss=5.2755  val_loss=5.2329  [best]
13:59:31 iter   6900: loss=5.2608  val_loss=5.2248  [best]
13:59:31 iter   7000: loss=5.2634  val_loss=5.2246  [best]
13:59:32 iter   7100: loss=5.2532  val_loss=5.2176  [best]
13:59:32 iter   7200: loss=5.2448  val_loss=5.2146  [best]
13:59:33 iter   7300: loss=5.2459  val_loss=5.2091  [best]
13:59:33 iter   7400: loss=5.2394  val_loss=5.2040  [best]
13:59:33 iter   7500: loss=5.2378  val_loss=5.2042
13:59:34 iter   7600: loss=5.2362  val_loss=5.1993  [best]
13:59:34 iter   7700: loss=5.2338  val_loss=5.1959  [best]
13:59:35 iter   7800: loss=5.2161  val_loss=5.1922  [best]
13:59:35 iter   7900: loss=5.2103  val_loss=5.1858  [best]
13:59:36 iter   8000: loss=5.2079  val_loss=5.1828  [best]
13:59:36 iter   8100: loss=5.1963  val_loss=5.1774  [best]
13:59:37 iter   8200: loss=5.2143  val_loss=5.1716  [best]
13:59:37 iter   8300: loss=5.1947  val_loss=5.1734
13:59:38 iter   8400: loss=5.1952  val_loss=5.1667  [best]
13:59:38 iter   8500: loss=5.1886  val_loss=5.1647  [best]
13:59:38 iter   8600: loss=5.1784  val_loss=5.1604  [best]
13:59:39 iter   8700: loss=5.1980  val_loss=5.1551  [best]
13:59:39 iter   8800: loss=5.1834  val_loss=5.1508  [best]
13:59:40 iter   8900: loss=5.1857  val_loss=5.1468  [best]
13:59:40 iter   9000: loss=5.1780  val_loss=5.1452  [best]
13:59:40 iter   9100: loss=5.1792  val_loss=5.1425  [best]
13:59:41 iter   9200: loss=5.1757  val_loss=5.1368  [best]
13:59:41 iter   9300: loss=5.1754  val_loss=5.1330  [best]
13:59:42 iter   9400: loss=5.1640  val_loss=5.1315  [best]
13:59:42 iter   9500: loss=5.1643  val_loss=5.1282  [best]
13:59:43 iter   9600: loss=5.1636  val_loss=5.1255  [best]
13:59:43 iter   9700: loss=5.1549  val_loss=5.1228  [best]
13:59:43 iter   9800: loss=5.1617  val_loss=5.1217  [best]
13:59:44 iter   9900: loss=5.1465  val_loss=5.1143  [best]
13:59:44 iter  10000: loss=5.1698  val_loss=5.1145
13:59:44 Running evaluation on 20 sentences...
  val_loss=5.1143  top1_acc=0.8898  saved_ratio=0.3894

====================================================================
  arch=default   stride=  8  |  4 blocks, 4 heads, dim=256  |  5,752,712 params
====================================================================
14:25:52 Training  (max 10000 iters, stride=8)
14:25:53 iter    100: loss=6.9372  val_loss=6.5248  [best]
14:25:54 iter    200: loss=6.3768  val_loss=6.2534  [best]
14:25:54 iter    300: loss=6.1819  val_loss=6.0773  [best]
14:25:55 iter    400: loss=6.0281  val_loss=5.9590  [best]
14:25:56 iter    500: loss=5.9261  val_loss=5.8804  [best]
14:25:57 iter    600: loss=5.8449  val_loss=5.7989  [best]
14:25:57 iter    700: loss=5.7765  val_loss=5.7388  [best]
14:25:58 iter    800: loss=5.7224  val_loss=5.6810  [best]
14:25:59 iter    900: loss=5.6685  val_loss=5.6330  [best]
14:25:59 iter   1000: loss=5.6434  val_loss=5.6015  [best]
14:26:00 iter   1100: loss=5.5975  val_loss=5.5643  [best]
14:26:01 iter   1200: loss=5.5791  val_loss=5.5428  [best]
14:26:01 iter   1300: loss=5.5367  val_loss=5.5089  [best]
14:26:02 iter   1400: loss=5.5169  val_loss=5.4872  [best]
14:26:02 iter   1500: loss=5.4756  val_loss=5.4618  [best]
14:26:04 iter   1600: loss=5.4579  val_loss=5.4464  [best]
14:26:05 iter   1700: loss=5.4546  val_loss=5.4220  [best]
14:26:06 iter   1800: loss=5.4262  val_loss=5.4001  [best]
14:26:06 iter   1900: loss=5.3960  val_loss=5.3875  [best]
14:26:07 iter   2000: loss=5.4028  val_loss=5.3662  [best]
14:26:08 iter   2100: loss=5.3786  val_loss=5.3554  [best]
14:26:09 iter   2200: loss=5.3838  val_loss=5.3364  [best]
14:26:09 iter   2300: loss=5.3477  val_loss=5.3233  [best]
14:26:10 iter   2400: loss=5.3312  val_loss=5.3049  [best]
14:26:11 iter   2500: loss=5.3146  val_loss=5.2932  [best]
14:26:11 iter   2600: loss=5.2758  val_loss=5.2738  [best]
14:26:12 iter   2700: loss=5.2732  val_loss=5.2570  [best]
14:26:13 iter   2800: loss=5.2740  val_loss=5.2445  [best]
14:26:14 iter   2900: loss=5.2680  val_loss=5.2289  [best]
14:26:14 iter   3000: loss=5.2527  val_loss=5.2158  [best]
14:26:15 iter   3100: loss=5.2405  val_loss=5.2057  [best]
14:26:15 iter   3200: loss=5.2164  val_loss=5.1949  [best]
14:26:16 iter   3300: loss=5.1932  val_loss=5.1841  [best]
14:26:17 iter   3400: loss=5.2024  val_loss=5.1703  [best]
14:26:17 iter   3500: loss=5.1911  val_loss=5.1633  [best]
14:26:18 iter   3600: loss=5.1905  val_loss=5.1517  [best]
14:26:19 iter   3700: loss=5.1802  val_loss=5.1445  [best]
14:26:20 iter   3800: loss=5.1600  val_loss=5.1298  [best]
14:26:20 iter   3900: loss=5.1573  val_loss=5.1245  [best]
14:26:21 iter   4000: loss=5.1340  val_loss=5.1100  [best]
14:26:22 iter   4100: loss=5.1323  val_loss=5.1105
14:26:22 iter   4200: loss=5.1342  val_loss=5.0983  [best]
14:26:23 iter   4300: loss=5.1101  val_loss=5.0928  [best]
14:26:24 iter   4400: loss=5.1189  val_loss=5.0843  [best]
14:26:24 iter   4500: loss=5.1061  val_loss=5.0782  [best]
14:26:25 iter   4600: loss=5.0861  val_loss=5.0737  [best]
14:26:26 iter   4700: loss=5.0902  val_loss=5.0609  [best]
14:26:26 iter   4800: loss=5.0951  val_loss=5.0530  [best]
14:26:27 iter   4900: loss=5.0799  val_loss=5.0476  [best]
14:26:28 iter   5000: loss=5.0614  val_loss=5.0389  [best]
14:26:29 iter   5100: loss=5.0652  val_loss=5.0317  [best]
14:26:29 iter   5200: loss=5.0550  val_loss=5.0242  [best]
14:26:30 iter   5300: loss=5.0491  val_loss=5.0208  [best]
14:26:31 iter   5400: loss=5.0464  val_loss=5.0187  [best]
14:26:31 iter   5500: loss=5.0254  val_loss=5.0111  [best]
14:26:32 iter   5600: loss=5.0435  val_loss=5.0061  [best]
14:26:33 iter   5700: loss=5.0225  val_loss=5.0002  [best]
14:26:33 iter   5800: loss=5.0282  val_loss=4.9957  [best]
14:26:34 iter   5900: loss=5.0264  val_loss=4.9924  [best]
14:26:35 iter   6000: loss=5.0197  val_loss=4.9859  [best]
14:26:36 iter   6100: loss=5.0195  val_loss=4.9793  [best]
14:26:37 iter   6200: loss=5.0083  val_loss=4.9784  [best]
14:26:37 iter   6300: loss=5.0054  val_loss=4.9678  [best]
14:26:38 iter   6400: loss=4.9923  val_loss=4.9679
14:26:39 iter   6500: loss=4.9916  val_loss=4.9640  [best]
14:26:39 iter   6600: loss=4.9797  val_loss=4.9569  [best]
14:26:40 iter   6700: loss=4.9779  val_loss=4.9553  [best]
14:26:41 iter   6800: loss=4.9695  val_loss=4.9479  [best]
14:26:41 iter   6900: loss=4.9706  val_loss=4.9458  [best]
14:26:42 iter   7000: loss=4.9681  val_loss=4.9389  [best]
14:26:43 iter   7100: loss=4.9664  val_loss=4.9367  [best]
14:26:44 iter   7200: loss=4.9544  val_loss=4.9300  [best]
14:26:45 iter   7300: loss=4.9735  val_loss=4.9251  [best]
14:26:45 iter   7400: loss=4.9526  val_loss=4.9195  [best]
14:26:46 iter   7500: loss=4.9410  val_loss=4.9220
14:26:46 iter   7600: loss=4.9604  val_loss=4.9142  [best]
14:26:47 iter   7700: loss=4.9313  val_loss=4.9094  [best]
14:26:48 iter   7800: loss=4.9295  val_loss=4.9120
14:26:48 iter   7900: loss=4.9320  val_loss=4.9084  [best]
14:26:49 iter   8000: loss=4.9287  val_loss=4.9033  [best]
14:26:50 iter   8100: loss=4.9162  val_loss=4.9015  [best]
14:26:51 iter   8200: loss=4.9366  val_loss=4.8960  [best]
14:26:52 iter   8300: loss=4.9262  val_loss=4.8911  [best]
14:26:53 iter   8400: loss=4.9295  val_loss=4.8893  [best]
14:26:53 iter   8500: loss=4.9182  val_loss=4.8858  [best]
14:26:54 iter   8600: loss=4.9185  val_loss=4.8852  [best]
14:26:55 iter   8700: loss=4.9107  val_loss=4.8800  [best]
14:26:55 iter   8800: loss=4.9103  val_loss=4.8745  [best]
14:26:56 iter   8900: loss=4.9115  val_loss=4.8706  [best]
14:26:57 iter   9000: loss=4.8994  val_loss=4.8689  [best]
14:26:57 iter   9100: loss=4.9023  val_loss=4.8658  [best]
14:26:58 iter   9200: loss=4.8933  val_loss=4.8656  [best]
14:26:59 iter   9300: loss=4.8906  val_loss=4.8653  [best]
14:26:59 iter   9400: loss=4.8815  val_loss=4.8574  [best]
14:27:00 iter   9500: loss=4.8850  val_loss=4.8573  [best]
14:27:01 iter   9600: loss=4.8778  val_loss=4.8566  [best]
14:27:02 iter   9700: loss=4.8845  val_loss=4.8527  [best]
14:27:02 iter   9800: loss=4.8848  val_loss=4.8462  [best]
14:27:03 iter   9900: loss=4.8531  val_loss=4.8429  [best]
14:27:04 iter  10000: loss=4.8512  val_loss=4.8402  [best]
14:27:04 Running evaluation on 20 sentences...
  val_loss=4.8402  top1_acc=0.8983  saved_ratio=0.4237

====================================================================
  arch=default   stride= 32  |  4 blocks, 4 heads, dim=256  |  5,752,712 params
====================================================================
14:58:29 Training  (max 10000 iters, stride=32)
14:58:30 iter    100: loss=6.9457  val_loss=6.5173  [best]
14:58:31 iter    200: loss=6.3960  val_loss=6.2504  [best]
14:58:31 iter    300: loss=6.1628  val_loss=6.0751  [best]
14:58:32 iter    400: loss=6.0408  val_loss=5.9545  [best]
14:58:32 iter    500: loss=5.9318  val_loss=5.8635  [best]
14:58:33 iter    600: loss=5.8413  val_loss=5.7886  [best]
14:58:34 iter    700: loss=5.7785  val_loss=5.7302  [best]
14:58:35 iter    800: loss=5.7182  val_loss=5.6780  [best]
14:58:36 iter    900: loss=5.6730  val_loss=5.6300  [best]
14:58:37 iter   1000: loss=5.6329  val_loss=5.5954  [best]
14:58:37 iter   1100: loss=5.6113  val_loss=5.5590  [best]
14:58:38 iter   1200: loss=5.5690  val_loss=5.5377  [best]
14:58:38 iter   1300: loss=5.5398  val_loss=5.5127  [best]
14:58:39 iter   1400: loss=5.5153  val_loss=5.4824  [best]
14:58:40 iter   1500: loss=5.4856  val_loss=5.4611  [best]
14:58:41 iter   1600: loss=5.4591  val_loss=5.4397  [best]
14:58:41 iter   1700: loss=5.4394  val_loss=5.4188  [best]
14:58:42 iter   1800: loss=5.4217  val_loss=5.4055  [best]
14:58:43 iter   1900: loss=5.4137  val_loss=5.3883  [best]
14:58:43 iter   2000: loss=5.4078  val_loss=5.3682  [best]
14:58:44 iter   2100: loss=5.3742  val_loss=5.3501  [best]
14:58:45 iter   2200: loss=5.3767  val_loss=5.3317  [best]
14:58:45 iter   2300: loss=5.3332  val_loss=5.3157  [best]
14:58:46 iter   2400: loss=5.3309  val_loss=5.3036  [best]
14:58:47 iter   2500: loss=5.3185  val_loss=5.2942  [best]
14:58:47 iter   2600: loss=5.3006  val_loss=5.2782  [best]
14:58:48 iter   2700: loss=5.2765  val_loss=5.2700  [best]
14:58:49 iter   2800: loss=5.2594  val_loss=5.2500  [best]
14:58:49 iter   2900: loss=5.2582  val_loss=5.2440  [best]
14:58:50 iter   3000: loss=5.2495  val_loss=5.2215  [best]
14:58:51 iter   3100: loss=5.2267  val_loss=5.2122  [best]
14:58:52 iter   3200: loss=5.2233  val_loss=5.2012  [best]
14:58:52 iter   3300: loss=5.2106  val_loss=5.1898  [best]
14:58:53 iter   3400: loss=5.2166  val_loss=5.1865  [best]
14:58:54 iter   3500: loss=5.1971  val_loss=5.1691  [best]
14:58:54 iter   3600: loss=5.1870  val_loss=5.1560  [best]
14:58:55 iter   3700: loss=5.1771  val_loss=5.1527  [best]
14:58:55 iter   3800: loss=5.1639  val_loss=5.1425  [best]
14:58:56 iter   3900: loss=5.1639  val_loss=5.1320  [best]
14:58:57 iter   4000: loss=5.1536  val_loss=5.1199  [best]
14:58:57 iter   4100: loss=5.1296  val_loss=5.1067  [best]
14:58:58 iter   4200: loss=5.1308  val_loss=5.1027  [best]
14:58:59 iter   4300: loss=5.1308  val_loss=5.0988  [best]
14:58:59 iter   4400: loss=5.1250  val_loss=5.0883  [best]
14:59:00 iter   4500: loss=5.1093  val_loss=5.0800  [best]
14:59:00 iter   4600: loss=5.0999  val_loss=5.0774  [best]
14:59:01 iter   4700: loss=5.1122  val_loss=5.0708  [best]
14:59:02 iter   4800: loss=5.0981  val_loss=5.0578  [best]
14:59:02 iter   4900: loss=5.0777  val_loss=5.0556  [best]
14:59:03 iter   5000: loss=5.0701  val_loss=5.0450  [best]
14:59:04 iter   5100: loss=5.0874  val_loss=5.0418  [best]
14:59:04 iter   5200: loss=5.0624  val_loss=5.0394  [best]
14:59:05 iter   5300: loss=5.0481  val_loss=5.0383  [best]
14:59:06 iter   5400: loss=5.0412  val_loss=5.0273  [best]
14:59:06 iter   5500: loss=5.0478  val_loss=5.0184  [best]
14:59:07 iter   5600: loss=5.0455  val_loss=5.0145  [best]
14:59:07 iter   5700: loss=5.0110  val_loss=5.0015  [best]
14:59:08 iter   5800: loss=5.0396  val_loss=4.9993  [best]
14:59:09 iter   5900: loss=5.0304  val_loss=4.9942  [best]
14:59:09 iter   6000: loss=5.0027  val_loss=4.9896  [best]
14:59:10 iter   6100: loss=5.0059  val_loss=4.9879  [best]
14:59:11 iter   6200: loss=5.0072  val_loss=4.9846  [best]
14:59:12 iter   6300: loss=4.9998  val_loss=4.9745  [best]
14:59:13 iter   6400: loss=4.9948  val_loss=4.9730  [best]
14:59:14 iter   6500: loss=4.9901  val_loss=4.9703  [best]
14:59:14 iter   6600: loss=4.9847  val_loss=4.9602  [best]
14:59:15 iter   6700: loss=4.9906  val_loss=4.9563  [best]
14:59:16 iter   6800: loss=4.9832  val_loss=4.9489  [best]
14:59:16 iter   6900: loss=4.9775  val_loss=4.9423  [best]
14:59:17 iter   7000: loss=4.9835  val_loss=4.9442
14:59:17 iter   7100: loss=4.9663  val_loss=4.9427
14:59:18 iter   7200: loss=4.9596  val_loss=4.9391  [best]
14:59:19 iter   7300: loss=4.9601  val_loss=4.9305  [best]
14:59:19 iter   7400: loss=4.9568  val_loss=4.9241  [best]
14:59:20 iter   7500: loss=4.9581  val_loss=4.9227  [best]
14:59:21 iter   7600: loss=4.9526  val_loss=4.9209  [best]
14:59:21 iter   7700: loss=4.9526  val_loss=4.9179  [best]
14:59:22 iter   7800: loss=4.9348  val_loss=4.9109  [best]
14:59:23 iter   7900: loss=4.9365  val_loss=4.9062  [best]
14:59:23 iter   8000: loss=4.9238  val_loss=4.8988  [best]
14:59:24 iter   8100: loss=4.9162  val_loss=4.8953  [best]
14:59:24 iter   8200: loss=4.9328  val_loss=4.8921  [best]
14:59:25 iter   8300: loss=4.9135  val_loss=4.8945
14:59:26 iter   8400: loss=4.9201  val_loss=4.8839  [best]
14:59:26 iter   8500: loss=4.9150  val_loss=4.8831  [best]
14:59:27 iter   8600: loss=4.8981  val_loss=4.8848
14:59:27 iter   8700: loss=4.9190  val_loss=4.8773  [best]
14:59:28 iter   8800: loss=4.9023  val_loss=4.8751  [best]
14:59:29 iter   8900: loss=4.9065  val_loss=4.8705  [best]
14:59:29 iter   9000: loss=4.8939  val_loss=4.8706
14:59:30 iter   9100: loss=4.8990  val_loss=4.8668  [best]
14:59:31 iter   9200: loss=4.8944  val_loss=4.8605  [best]
14:59:31 iter   9300: loss=4.8966  val_loss=4.8555  [best]
14:59:32 iter   9400: loss=4.8821  val_loss=4.8530  [best]
14:59:32 iter   9500: loss=4.8869  val_loss=4.8548
14:59:33 iter   9600: loss=4.8836  val_loss=4.8487  [best]
14:59:34 iter   9700: loss=4.8716  val_loss=4.8466  [best]
14:59:34 iter   9800: loss=4.8863  val_loss=4.8445  [best]
14:59:35 iter   9900: loss=4.8705  val_loss=4.8378  [best]
14:59:36 iter  10000: loss=4.8912  val_loss=4.8376  [best]
14:59:37 Running evaluation on 20 sentences...
  val_loss=4.8376  top1_acc=0.9068  saved_ratio=0.4060

====================================================================================================
                           Grid search summary — sorted by top-1 accuracy                           
====================================================================================================
Arch       Stride Blocks Heads   Dim     Params  ValLoss   Top1   Top2   Top3   Top4  KS-ratio
----------------------------------------------------------------------------------------------------
default        32      4     4   256  5,752,712   4.8376 0.9068 0.9576 0.9661 0.9661    0.4060
default         8      4     4   256  5,752,712   4.8402 0.8983 0.9449 0.9661 0.9661    0.4237
small          32      2     2   128  1,696,904   5.1143 0.8898 0.9449 0.9619 0.9661    0.3894
small           8      2     2   128  1,696,904   5.1159 0.8856 0.9407 0.9619 0.9661    0.3811

Full results saved to /content/drive/MyDrive/NLP-project/results/metrics/mobile_sms_transformer_grid_search.json
Log saved to /content/drive/MyDrive/NLP-project/results/metrics/mobile_sms_transformer_grid_search.log
